Archive member included to satisfy reference by file (symbol)

c:/program files (x86)/atmel/studio/7.0/toolchain/arm/arm-gnu-toolchain/bin/../lib/gcc/arm-none-eabi/6.3.1/../../../../arm-none-eabi/lib/thumb/v7e-m\libc_nano.a(lib_a-exit.o)
                              c:/program files (x86)/atmel/studio/7.0/toolchain/arm/arm-gnu-toolchain/bin/../lib/gcc/arm-none-eabi/6.3.1/../../../../arm-none-eabi/lib/thumb/v7e-m/crt0.o (exit)
c:/program files (x86)/atmel/studio/7.0/toolchain/arm/arm-gnu-toolchain/bin/../lib/gcc/arm-none-eabi/6.3.1/../../../../arm-none-eabi/lib/thumb/v7e-m\libc_nano.a(lib_a-impure.o)
                              c:/program files (x86)/atmel/studio/7.0/toolchain/arm/arm-gnu-toolchain/bin/../lib/gcc/arm-none-eabi/6.3.1/../../../../arm-none-eabi/lib/thumb/v7e-m\libc_nano.a(lib_a-exit.o) (_global_impure_ptr)
c:/program files (x86)/atmel/studio/7.0/toolchain/arm/arm-gnu-toolchain/bin/../lib/gcc/arm-none-eabi/6.3.1/../../../../arm-none-eabi/lib/thumb/v7e-m\libc_nano.a(lib_a-init.o)
                              c:/program files (x86)/atmel/studio/7.0/toolchain/arm/arm-gnu-toolchain/bin/../lib/gcc/arm-none-eabi/6.3.1/../../../../arm-none-eabi/lib/thumb/v7e-m/crt0.o (__libc_init_array)
c:/program files (x86)/atmel/studio/7.0/toolchain/arm/arm-gnu-toolchain/bin/../lib/gcc/arm-none-eabi/6.3.1/../../../../arm-none-eabi/lib/thumb/v7e-m\libc_nano.a(lib_a-memset.o)
                              c:/program files (x86)/atmel/studio/7.0/toolchain/arm/arm-gnu-toolchain/bin/../lib/gcc/arm-none-eabi/6.3.1/../../../../arm-none-eabi/lib/thumb/v7e-m/crt0.o (memset)
c:/program files (x86)/atmel/studio/7.0/toolchain/arm/arm-gnu-toolchain/bin/../lib/gcc/arm-none-eabi/6.3.1/../../../../arm-none-eabi/lib/thumb/v7e-m\libc_nano.a(lib_a-printf.o)
                              hal/utils/src/utils_syscalls.o (printf)
c:/program files (x86)/atmel/studio/7.0/toolchain/arm/arm-gnu-toolchain/bin/../lib/gcc/arm-none-eabi/6.3.1/../../../../arm-none-eabi/lib/thumb/v7e-m\libc_nano.a(lib_a-findfp.o)
                              c:/program files (x86)/atmel/studio/7.0/toolchain/arm/arm-gnu-toolchain/bin/../lib/gcc/arm-none-eabi/6.3.1/../../../../arm-none-eabi/lib/thumb/v7e-m\libc_nano.a(lib_a-printf.o) (__sinit)
c:/program files (x86)/atmel/studio/7.0/toolchain/arm/arm-gnu-toolchain/bin/../lib/gcc/arm-none-eabi/6.3.1/../../../../arm-none-eabi/lib/thumb/v7e-m\libc_nano.a(lib_a-fwalk.o)
                              c:/program files (x86)/atmel/studio/7.0/toolchain/arm/arm-gnu-toolchain/bin/../lib/gcc/arm-none-eabi/6.3.1/../../../../arm-none-eabi/lib/thumb/v7e-m\libc_nano.a(lib_a-findfp.o) (_fwalk)
c:/program files (x86)/atmel/studio/7.0/toolchain/arm/arm-gnu-toolchain/bin/../lib/gcc/arm-none-eabi/6.3.1/../../../../arm-none-eabi/lib/thumb/v7e-m\libc_nano.a(lib_a-nano-mallocr.o)
                              c:/program files (x86)/atmel/studio/7.0/toolchain/arm/arm-gnu-toolchain/bin/../lib/gcc/arm-none-eabi/6.3.1/../../../../arm-none-eabi/lib/thumb/v7e-m\libc_nano.a(lib_a-findfp.o) (_malloc_r)
c:/program files (x86)/atmel/studio/7.0/toolchain/arm/arm-gnu-toolchain/bin/../lib/gcc/arm-none-eabi/6.3.1/../../../../arm-none-eabi/lib/thumb/v7e-m\libc_nano.a(lib_a-nano-vfprintf.o)
                              c:/program files (x86)/atmel/studio/7.0/toolchain/arm/arm-gnu-toolchain/bin/../lib/gcc/arm-none-eabi/6.3.1/../../../../arm-none-eabi/lib/thumb/v7e-m\libc_nano.a(lib_a-printf.o) (_vfprintf_r)
c:/program files (x86)/atmel/studio/7.0/toolchain/arm/arm-gnu-toolchain/bin/../lib/gcc/arm-none-eabi/6.3.1/../../../../arm-none-eabi/lib/thumb/v7e-m\libc_nano.a(lib_a-nano-vfprintf_i.o)
                              c:/program files (x86)/atmel/studio/7.0/toolchain/arm/arm-gnu-toolchain/bin/../lib/gcc/arm-none-eabi/6.3.1/../../../../arm-none-eabi/lib/thumb/v7e-m\libc_nano.a(lib_a-nano-vfprintf.o) (_printf_i)
c:/program files (x86)/atmel/studio/7.0/toolchain/arm/arm-gnu-toolchain/bin/../lib/gcc/arm-none-eabi/6.3.1/../../../../arm-none-eabi/lib/thumb/v7e-m\libc_nano.a(lib_a-sbrkr.o)
                              c:/program files (x86)/atmel/studio/7.0/toolchain/arm/arm-gnu-toolchain/bin/../lib/gcc/arm-none-eabi/6.3.1/../../../../arm-none-eabi/lib/thumb/v7e-m\libc_nano.a(lib_a-nano-mallocr.o) (_sbrk_r)
c:/program files (x86)/atmel/studio/7.0/toolchain/arm/arm-gnu-toolchain/bin/../lib/gcc/arm-none-eabi/6.3.1/../../../../arm-none-eabi/lib/thumb/v7e-m\libc_nano.a(lib_a-stdio.o)
                              c:/program files (x86)/atmel/studio/7.0/toolchain/arm/arm-gnu-toolchain/bin/../lib/gcc/arm-none-eabi/6.3.1/../../../../arm-none-eabi/lib/thumb/v7e-m\libc_nano.a(lib_a-findfp.o) (__sread)
c:/program files (x86)/atmel/studio/7.0/toolchain/arm/arm-gnu-toolchain/bin/../lib/gcc/arm-none-eabi/6.3.1/../../../../arm-none-eabi/lib/thumb/v7e-m\libc_nano.a(lib_a-wbuf.o)
[...]
Memory Configuration

Name             Origin             Length             Attributes
rom              0x00000000         0x00080000         xr
ram              0x20000000         0x00030000         xrw
bkupram          0x47000000         0x00002000         xrw
qspi             0x04000000         0x01000000         xrw
*default*        0x00000000         0xffffffff

Linker script and memory map

LOAD c:/program files (x86)/atmel/studio/7.0/toolchain/arm/arm-gnu-toolchain/bin/../lib/gcc/arm-none-eabi/6.3.1/thumb/v7e-m/crti.o
LOAD c:/program files (x86)/atmel/studio/7.0/toolchain/arm/arm-gnu-toolchain/bin/../lib/gcc/arm-none-eabi/6.3.1/thumb/v7e-m/crtbegin.o
LOAD c:/program files (x86)/atmel/studio/7.0/toolchain/arm/arm-gnu-toolchain/bin/../lib/gcc/arm-none-eabi/6.3.1/../../../../arm-none-eabi/lib/thumb/v7e-m/crt0.o
LOAD atmel_start.o
LOAD Device_Startup/startup_samd51.o
LOAD Device_Startup/system_samd51.o
LOAD driver_init.o
LOAD examples/driver_examples.o
LOAD hal/src/hal_atomic.o
LOAD hal/src/hal_cache.o
LOAD hal/src/hal_delay.o
LOAD hal/src/hal_gpio.o
LOAD hal/src/hal_init.o
LOAD hal/src/hal_io.o
LOAD hal/src/hal_sleep.o
LOAD hal/utils/src/utils_assert.o
LOAD hal/utils/src/utils_event.o
LOAD hal/utils/src/utils_list.o
LOAD hal/utils/src/utils_syscalls.o
LOAD hpl/cmcc/hpl_cmcc.o
LOAD hpl/core/hpl_core_m4.o
LOAD hpl/core/hpl_init.o
LOAD hpl/dmac/hpl_dmac.o
LOAD hpl/gclk/hpl_gclk.o
LOAD hpl/mclk/hpl_mclk.o
LOAD hpl/osc32kctrl/hpl_osc32kctrl.o
LOAD hpl/oscctrl/hpl_oscctrl.o
LOAD hpl/pm/hpl_pm.o
LOAD hpl/ramecc/hpl_ramecc.o
LOAD hpl/systick/hpl_systick.o
LOAD main.o
START GROUP
LOAD c:/program files (x86)/atmel/studio/7.0/toolchain/arm/arm-gnu-toolchain/bin/../lib/gcc/arm-none-eabi/6.3.1/../../../../arm-none-eabi/lib/thumb/v7e-m\libm.a
END GROUP
Address of section .text set to 0x4000
START GROUP
LOAD c:/program files (x86)/atmel/studio/7.0/toolchain/arm/arm-gnu-toolchain/bin/../lib/gcc/arm-none-eabi/6.3.1/thumb/v7e-m\libgcc.a
LOAD c:/program files (x86)/atmel/studio/7.0/toolchain/arm/arm-gnu-toolchain/bin/../lib/gcc/arm-none-eabi/6.3.1/../../../../arm-none-eabi/lib/thumb/v7e-m\libc_nano.a
END GROUP
START GROUP
LOAD c:/program files (x86)/atmel/studio/7.0/toolchain/arm/arm-gnu-toolchain/bin/../lib/gcc/arm-none-eabi/6.3.1/thumb/v7e-m\libgcc.a
LOAD c:/program files (x86)/atmel/studio/7.0/toolchain/arm/arm-gnu-toolchain/bin/../lib/gcc/arm-none-eabi/6.3.1/../../../../arm-none-eabi/lib/thumb/v7e-m\libc_nano.a
END GROUP
LOAD c:/program files (x86)/atmel/studio/7.0/toolchain/arm/arm-gnu-toolchain/bin/../lib/gcc/arm-none-eabi/6.3.1/thumb/v7e-m/crtend.o
LOAD c:/program files (x86)/atmel/studio/7.0/toolchain/arm/arm-gnu-toolchain/bin/../lib/gcc/arm-none-eabi/6.3.1/thumb/v7e-m/crtn.o
                0x0000c000                STACK_SIZE = DEFINED (STACK_SIZE)?STACK_SIZE:DEFINED (__stack_size__)?__stack_size__:0xc000

.text           0x00004000      0x6fc
                0x00004000                . = ALIGN (0x4)
                0x00004000                _sfixed = .
 *(.vectors .vectors.*)
 .vectors       0x00004000      0x264 Device_Startup/startup_samd51.o
                0x00004000                exception_table
 *(.text .text.* .gnu.linkonce.t.*)
 .text          0x00004264       0x6c c:/program files (x86)/atmel/studio/7.0/toolchain/arm/arm-gnu-toolchain/bin/../lib/gcc/arm-none-eabi/6.3.1/thumb/v7e-m/crtbegin.o
 .text.atmel_start_init
                0x000042d0        0xc atmel_start.o
                0x000042d0                atmel_start_init
 .text.Dummy_Handler
                0x000042dc        0x2 Device_Startup/startup_samd51.o
                0x000042dc                EIC_5_Handler
                0x000042dc                SVCall_Handler
                0x000042dc                SERCOM0_2_Handler
                0x000042dc                EIC_13_Handler
                0x000042dc                EVSYS_0_Handler
                0x000042dc                TCC1_3_Handler
                0x000042dc                DAC_3_Handler
                0x000042dc                TRNG_Handler
                0x000042dc                HardFault_Handler
                0x000042dc                TC2_Handler
                0x000042dc                PDEC_2_Handler
                0x000042dc                EIC_4_Handler
                0x000042dc                AC_Handler
                0x000042dc                SERCOM3_1_Handler
                0x000042dc                SysTick_Handler
                0x000042dc                TCC2_3_Handler
                0x000042dc                SERCOM3_2_Handler
                0x000042dc                PendSV_Handler
                0x000042dc                ADC1_1_Handler
                0x000042dc                EVSYS_3_Handler
                0x000042dc                PDEC_0_Handler
                0x000042dc                QSPI_Handler
                0x000042dc                NonMaskableInt_Handler
                0x000042dc                TCC0_0_Handler
                0x000042dc                EIC_3_Handler
                0x000042dc                MemManagement_Handler
                0x000042dc                DAC_2_Handler
                0x000042dc                SERCOM0_0_Handler
                0x000042dc                RTC_Handler
                0x000042dc                UsageFault_Handler
                0x000042dc                SERCOM4_0_Handler
                0x000042dc                EIC_10_Handler
                0x000042dc                SERCOM0_3_Handler
                0x000042dc                EIC_11_Handler
                0x000042dc                EIC_9_Handler
                0x000042dc                OSC32KCTRL_Handler
                0x000042dc                TCC2_1_Handler
                0x000042dc                SUPC_1_Handler
                0x000042dc                TCC0_5_Handler
                0x000042dc                TCC0_6_Handler
                0x000042dc                EVSYS_1_Handler
                0x000042dc                TCC1_4_Handler
                0x000042dc                DMAC_0_Handler
                0x000042dc                WDT_Handler
                0x000042dc                EIC_8_Handler
                0x000042dc                EIC_15_Handler
                0x000042dc                SERCOM5_0_Handler
                0x000042dc                TC4_Handler
                0x000042dc                TC1_Handler
                0x000042dc                OSCCTRL_4_Handler
                0x000042dc                SERCOM4_3_Handler
                0x000042dc                EIC_12_Handler
                0x000042dc                DMAC_4_Handler
                0x000042dc                TCC4_2_Handler
                0x000042dc                PAC_Handler
                0x000042dc                TCC1_0_Handler
                0x000042dc                USB_0_Handler
                0x000042dc                OSCCTRL_0_Handler
                0x000042dc                EIC_0_Handler
                0x000042dc                OSCCTRL_3_Handler
                0x000042dc                SERCOM4_1_Handler
                0x000042dc                TC3_Handler
                0x000042dc                Dummy_Handler
                0x000042dc                TCC3_0_Handler
                0x000042dc                TCC2_2_Handler
                0x000042dc                SERCOM5_1_Handler
                0x000042dc                TCC1_1_Handler
                0x000042dc                DMAC_2_Handler
                0x000042dc                ADC0_0_Handler
                0x000042dc                SERCOM0_1_Handler
                0x000042dc                OSCCTRL_2_Handler
                0x000042dc                ADC1_0_Handler
                0x000042dc                TCC1_2_Handler
                0x000042dc                USB_1_Handler
                0x000042dc                PM_Handler
                0x000042dc                SERCOM2_3_Handler
                0x000042dc                DAC_4_Handler
                0x000042dc                TCC3_2_Handler
                0x000042dc                TCC0_2_Handler
                0x000042dc                DMAC_1_Handler
                0x000042dc                TCC4_0_Handler
                0x000042dc                USB_3_Handler
                0x000042dc                TCC2_0_Handler
                0x000042dc                PDEC_1_Handler
                0x000042dc                TCC4_1_Handler
                0x000042dc                SERCOM5_3_Handler
                0x000042dc                USB_2_Handler
                0x000042dc                SDHC0_Handler
                0x000042dc                SERCOM1_1_Handler
                0x000042dc                I2S_Handler
                0x000042dc                EIC_2_Handler
                0x000042dc                PCC_Handler
                0x000042dc                DAC_0_Handler
                0x000042dc                TCC0_1_Handler
                0x000042dc                SERCOM1_3_Handler
                0x000042dc                EIC_6_Handler
                0x000042dc                OSCCTRL_1_Handler
                0x000042dc                SERCOM1_0_Handler
                0x000042dc                PUKCC_Handler
                0x000042dc                SERCOM2_1_Handler
                0x000042dc                SERCOM1_2_Handler
                0x000042dc                SERCOM3_0_Handler
                0x000042dc                EIC_1_Handler
                0x000042dc                SERCOM4_2_Handler
                0x000042dc                EVSYS_4_Handler
                0x000042dc                EIC_7_Handler
                0x000042dc                NVMCTRL_1_Handler
                0x000042dc                SERCOM5_2_Handler
                0x000042dc                SERCOM3_3_Handler
                0x000042dc                ADC0_1_Handler
                0x000042dc                SERCOM2_2_Handler
                0x000042dc                TCC3_1_Handler
                0x000042dc                EIC_14_Handler
                0x000042dc                DAC_1_Handler
                0x000042dc                NVMCTRL_0_Handler
                0x000042dc                MCLK_Handler
                0x000042dc                EVSYS_2_Handler
                0x000042dc                SUPC_0_Handler
                0x000042dc                BusFault_Handler
                0x000042dc                FREQM_Handler
                0x000042dc                TC0_Handler
                0x000042dc                TCC0_3_Handler
                0x000042dc                DMAC_3_Handler
                0x000042dc                DebugMonitor_Handler
                0x000042dc                TCC0_4_Handler
                0x000042dc                TC5_Handler
                0x000042dc                SERCOM2_0_Handler
                0x000042dc                AES_Handler
                0x000042dc                ICM_Handler
 *fill*         0x000042de        0x2 
 .text.Reset_Handler
                0x000042e0       0x98 Device_Startup/startup_samd51.o
                0x000042e0                Reset_Handler
 .text.delay_driver_init
                0x00004378       0x14 driver_init.o
                0x00004378                delay_driver_init
 .text.system_init
                0x0000438c       0x3c driver_init.o
                0x0000438c                system_init
 .text.delay_init
                0x000043c8       0x14 hal/src/hal_delay.o
                0x000043c8                delay_init
 .text.delay_ms
                0x000043dc       0x20 hal/src/hal_delay.o
                0x000043dc                delay_ms
 .text._get_cycles_for_ms
                0x000043fc        0xa hpl/core/hpl_core_m4.o
                0x000043fc                _get_cycles_for_ms
 *fill*         0x00004406        0x2 
 .text._init_chip
                0x00004408       0x40 hpl/core/hpl_init.o
                0x00004408                _init_chip
 .text._gclk_init_generators_by_fref
                0x00004448       0x40 hpl/gclk/hpl_gclk.o
                0x00004448                _gclk_init_generators_by_fref
 .text._mclk_init
                0x00004488        0xc hpl/mclk/hpl_mclk.o
                0x00004488                _mclk_init
 .text._osc32kctrl_init_sources
                0x00004494       0x20 hpl/osc32kctrl/hpl_osc32kctrl.o
                0x00004494                _osc32kctrl_init_sources
 .text._oscctrl_init_sources
                0x000044b4        0x2 hpl/oscctrl/hpl_oscctrl.o
                0x000044b4                _oscctrl_init_sources
 *fill*         0x000044b6        0x2 
 .text._oscctrl_init_referenced_generators
                0x000044b8       0xe8 hpl/oscctrl/hpl_oscctrl.o
                0x000044b8                _oscctrl_init_referenced_generators
 .text.RAMECC_Handler
                0x000045a0       0x44 hpl/ramecc/hpl_ramecc.o
                0x000045a0                RAMECC_Handler
 .text._delay_init
                0x000045e4       0x14 hpl/systick/hpl_systick.o
                0x000045e4                _delay_init
 .text._delay_cycles
                0x000045f8       0x5c hpl/systick/hpl_systick.o
                0x000045f8                _delay_cycles
 .text.main     0x00004654       0x40 main.o
                0x00004654                main
 .text.__libc_init_array
                0x00004694       0x48 c:/program files (x86)/atmel/studio/7.0/toolchain/arm/arm-gnu-toolchain/bin/../lib/gcc/arm-none-eabi/6.3.1/../../../../arm-none-eabi/lib/thumb/v7e-m\libc_nano.a(lib_a-init.o)
                0x00004694                __libc_init_array
 *(.glue_7t)
 .glue_7t       0x000046dc        0x0 linker stubs
 *(.glue_7)
 .glue_7        0x000046dc        0x0 linker stubs
 *(.rodata .rodata* .gnu.linkonce.r.*)
 *(.ARM.extab* .gnu.linkonce.armextab.*)
                0x000046dc                . = ALIGN (0x4)
 *(.init)
 .init          0x000046dc        0x4 c:/program files (x86)/atmel/studio/7.0/toolchain/arm/arm-gnu-toolchain/bin/../lib/gcc/arm-none-eabi/6.3.1/thumb/v7e-m/crti.o
                0x000046dc                _init
 .init          0x000046e0        0x8 c:/program files (x86)/atmel/studio/7.0/toolchain/arm/arm-gnu-toolchain/bin/../lib/gcc/arm-none-eabi/6.3.1/thumb/v7e-m/crtn.o
                0x000046e8                . = ALIGN (0x4)
                0x000046e8                __preinit_array_start = .
 *(.preinit_array)
                0x000046e8                __preinit_array_end = .
                0x000046e8                . = ALIGN (0x4)
                0x000046e8                __init_array_start = .
 *(SORT(.init_array.*))
 *(.init_array)
 .init_array    0x000046e8        0x4 c:/program files (x86)/atmel/studio/7.0/toolchain/arm/arm-gnu-toolchain/bin/../lib/gcc/arm-none-eabi/6.3.1/thumb/v7e-m/crtbegin.o
                0x000046ec                __init_array_end = .
                0x000046ec                . = ALIGN (0x4)
 *crtbegin.o(.ctors)
 *(EXCLUDE_FILE(*crtend.o) .ctors)
 *(SORT(.ctors.*))
 *crtend.o(.ctors)
                0x000046ec                . = ALIGN (0x4)
 *(.fini)
 .fini          0x000046ec        0x4 c:/program files (x86)/atmel/studio/7.0/toolchain/arm/arm-gnu-toolchain/bin/../lib/gcc/arm-none-eabi/6.3.1/thumb/v7e-m/crti.o
                0x000046ec                _fini
 .fini          0x000046f0        0x8 c:/program files (x86)/atmel/studio/7.0/toolchain/arm/arm-gnu-toolchain/bin/../lib/gcc/arm-none-eabi/6.3.1/thumb/v7e-m/crtn.o
                0x000046f8                . = ALIGN (0x4)
                0x000046f8                __fini_array_start = .
 *(.fini_array)
 .fini_array    0x000046f8        0x4 c:/program files (x86)/atmel/studio/7.0/toolchain/arm/arm-gnu-toolchain/bin/../lib/gcc/arm-none-eabi/6.3.1/thumb/v7e-m/crtbegin.o
 *(SORT(.fini_array.*))
                0x000046fc                __fini_array_end = .
 *crtbegin.o(.dtors)
 *(EXCLUDE_FILE(*crtend.o) .dtors)
 *(SORT(.dtors.*))
 *crtend.o(.dtors)
                0x000046fc                . = ALIGN (0x4)
                0x000046fc                _efixed = .
                [!provide]                PROVIDE (__exidx_start, .)

.vfp11_veneer   0x000046fc        0x0
 .vfp11_veneer  0x000046fc        0x0 linker stubs

.v4_bx          0x000046fc        0x0
 .v4_bx         0x000046fc        0x0 linker stubs

.iplt           0x000046fc        0x0
 .iplt          0x000046fc        0x0 c:/program files (x86)/atmel/studio/7.0/toolchain/arm/arm-gnu-toolchain/bin/../lib/gcc/arm-none-eabi/6.3.1/thumb/v7e-m/crtbegin.o

.eh_frame       0x000046fc        0x0
 .eh_frame      0x000046fc        0x0 c:/program files (x86)/atmel/studio/7.0/toolchain/arm/arm-gnu-toolchain/bin/../lib/gcc/arm-none-eabi/6.3.1/thumb/v7e-m/crtbegin.o

.rel.dyn        0x000046fc        0x0
 .rel.iplt      0x000046fc        0x0 c:/program files (x86)/atmel/studio/7.0/toolchain/arm/arm-gnu-toolchain/bin/../lib/gcc/arm-none-eabi/6.3.1/thumb/v7e-m/crtbegin.o

.jcr            0x000046fc        0x0
 .jcr           0x000046fc        0x0 c:/program files (x86)/atmel/studio/7.0/toolchain/arm/arm-gnu-toolchain/bin/../lib/gcc/arm-none-eabi/6.3.1/thumb/v7e-m/crtbegin.o

.igot.plt       0x000046fc        0x0
 .igot.plt      0x000046fc        0x0 c:/program files (x86)/atmel/studio/7.0/toolchain/arm/arm-gnu-toolchain/bin/../lib/gcc/arm-none-eabi/6.3.1/thumb/v7e-m/crtbegin.o

.ARM.exidx
 *(.ARM.exidx* .gnu.linkonce.armexidx.*)
                [!provide]                PROVIDE (__exidx_end, .)
                0x000046fc                . = ALIGN (0x4)
                0x000046fc                _etext = .

.relocate       0x20000000        0x0 load address 0x000046fc
                0x20000000                . = ALIGN (0x4)
                0x20000000                _srelocate = .
 *(.ramfunc .ramfunc.*)
 *(.data .data.*)
                0x20000000                . = ALIGN (0x4)
                0x20000000                _erelocate = .

.bkupram        0x47000000        0x0
                0x47000000                . = ALIGN (0x8)
                0x47000000                _sbkupram = .
 *(.bkupram .bkupram.*)
                0x47000000                . = ALIGN (0x8)
                0x47000000                _ebkupram = .

.qspi           0x04000000        0x0
                0x04000000                . = ALIGN (0x8)
                0x04000000                _sqspi = .
 *(.qspi .qspi.*)
                0x04000000                . = ALIGN (0x8)
                0x04000000                _eqspi = .

.bss            0x20000000       0x30
                0x20000000                . = ALIGN (0x4)
                0x20000000                _sbss = .
                0x20000000                _szero = .
 *(.bss .bss.*)
 .bss           0x20000000       0x1c c:/program files (x86)/atmel/studio/7.0/toolchain/arm/arm-gnu-toolchain/bin/../lib/gcc/arm-none-eabi/6.3.1/thumb/v7e-m/crtbegin.o
 .bss           0x2000001c        0x4 hal/src/hal_delay.o
 *(COMMON)
 COMMON         0x20000020       0x10 hpl/ramecc/hpl_ramecc.o
                0x20000020                device
                0x20000030                . = ALIGN (0x4)
                0x20000030                _ebss = .
                0x20000030                _ezero = .

.stack          0x20000030     0xc000
                0x20000030                . = ALIGN (0x8)
                0x20000030                _sstack = .
                0x2000c030                . = (. + STACK_SIZE)
 *fill*         0x20000030     0xc000 
                0x2000c030                . = ALIGN (0x8)
                0x2000c030                _estack = .
                0x2000c030                . = ALIGN (0x4)
                0x2000c030                _end = .
OUTPUT(SAMD51J19_Blinker.elf elf32-littlearm)

.ARM.attributes
                0x00000000       0x2e
 .ARM.attributes
                0x00000000       0x1e c:/program files (x86)/atmel/studio/7.0/toolchain/arm/arm-gnu-toolchain/bin/../lib/gcc/arm-none-eabi/6.3.1/thumb/v7e-m/crti.o
 .ARM.attributes
                0x0000001e       0x2e c:/program files (x86)/atmel/studio/7.0/toolchain/arm/arm-gnu-toolchain/bin/../lib/gcc/arm-none-eabi/6.3.1/thumb/v7e-m/crtbegin.o
 .ARM.attributes
                0x0000004c       0x37 atmel_start.o
 .ARM.attributes
                0x00000083       0x37 Device_Startup/startup_samd51.o
 .ARM.attributes
                0x000000ba       0x37 driver_init.o
 .ARM.attributes
                0x000000f1       0x37 hal/src/hal_delay.o
 .ARM.attributes
                0x00000128       0x37 hpl/core/hpl_core_m4.o
 .ARM.attributes
                0x0000015f       0x37 hpl/core/hpl_init.o
 .ARM.attributes
                0x00000196       0x37 hpl/gclk/hpl_gclk.o
 .ARM.attributes
                0x000001cd       0x37 hpl/mclk/hpl_mclk.o
 .ARM.attributes
                0x00000204       0x37 hpl/osc32kctrl/hpl_osc32kctrl.o
 .ARM.attributes
                0x0000023b       0x37 hpl/oscctrl/hpl_oscctrl.o
 .ARM.attributes
                0x00000272       0x37 hpl/ramecc/hpl_ramecc.o
 .ARM.attributes
                0x000002a9       0x37 hpl/systick/hpl_systick.o
 .ARM.attributes
                0x000002e0       0x37 main.o
 .ARM.attributes
                0x00000317       0x2e c:/program files (x86)/atmel/studio/7.0/toolchain/arm/arm-gnu-toolchain/bin/../lib/gcc/arm-none-eabi/6.3.1/../../../../arm-none-eabi/lib/thumb/v7e-m\libc_nano.a(lib_a-init.o)
 .ARM.attributes
                0x00000345       0x1e c:/program files (x86)/atmel/studio/7.0/toolchain/arm/arm-gnu-toolchain/bin/../lib/gcc/arm-none-eabi/6.3.1/thumb/v7e-m/crtn.o

.comment        0x00000000       0x59
 .comment       0x00000000       0x59 atmel_start.o
                                 0x5a (size before relaxing)
 .comment       0x00000059       0x5a Device_Startup/startup_samd51.o
 .comment       0x00000059       0x5a driver_init.o
 .comment       0x00000059       0x5a hal/src/hal_delay.o
 .comment       0x00000059       0x5a hpl/core/hpl_core_m4.o
 .comment       0x00000059       0x5a hpl/core/hpl_init.o
 .comment       0x00000059       0x5a hpl/gclk/hpl_gclk.o
 .comment       0x00000059       0x5a hpl/mclk/hpl_mclk.o
 .comment       0x00000059       0x5a hpl/osc32kctrl/hpl_osc32kctrl.o
 .comment       0x00000059       0x5a hpl/oscctrl/hpl_oscctrl.o
 .comment       0x00000059       0x5a hpl/ramecc/hpl_ramecc.o
 .comment       0x00000059       0x5a hpl/systick/hpl_systick.o
 .comment       0x00000059       0x5a main.o

.debug_info     0x00000000     0x823f
 .debug_info    0x00000000       0xf8 atmel_start.o
 .debug_info    0x000000f8      0xd71 Device_Startup/startup_samd51.o
 .debug_info    0x00000e69      0xe6c driver_init.o
 .debug_info    0x00001cd5      0x205 hal/src/hal_delay.o
 .debug_info    0x00001eda      0xb96 hpl/core/hpl_core_m4.o
 .debug_info    0x00002a70      0xbe1 hpl/core/hpl_init.o
 .debug_info    0x00003651      0x68b hpl/gclk/hpl_gclk.o
 .debug_info    0x00003cdc      0xa0c hpl/mclk/hpl_mclk.o
 .debug_info    0x000046e8      0x819 hpl/osc32kctrl/hpl_osc32kctrl.o
 .debug_info    0x00004f01     0x1a49 hpl/oscctrl/hpl_oscctrl.o
 .debug_info    0x0000694a      0xbc1 hpl/ramecc/hpl_ramecc.o
 .debug_info    0x0000750b      0x29f hpl/systick/hpl_systick.o
 .debug_info    0x000077aa      0xa95 main.o

.debug_abbrev   0x00000000     0x1937
 .debug_abbrev  0x00000000       0x9c atmel_start.o
 .debug_abbrev  0x0000009c      0x171 Device_Startup/startup_samd51.o
 .debug_abbrev  0x0000020d      0x2a4 driver_init.o
 .debug_abbrev  0x000004b1       0xf9 hal/src/hal_delay.o
 .debug_abbrev  0x000005aa      0x2a4 hpl/core/hpl_core_m4.o
 .debug_abbrev  0x0000084e      0x1ea hpl/core/hpl_init.o
 .debug_abbrev  0x00000a38      0x1c9 hpl/gclk/hpl_gclk.o
 .debug_abbrev  0x00000c01      0x1bd hpl/mclk/hpl_mclk.o
 .debug_abbrev  0x00000dbe      0x1fc hpl/osc32kctrl/hpl_osc32kctrl.o
 .debug_abbrev  0x00000fba      0x2a4 hpl/oscctrl/hpl_oscctrl.o
 .debug_abbrev  0x0000125e      0x2c8 hpl/ramecc/hpl_ramecc.o
 .debug_abbrev  0x00001526      0x196 hpl/systick/hpl_systick.o
 .debug_abbrev  0x000016bc      0x27b main.o

.debug_loc      0x00000000      0xd73
 .debug_loc     0x00000000       0x20 atmel_start.o
 .debug_loc     0x00000020       0x6b Device_Startup/startup_samd51.o
 .debug_loc     0x0000008b      0x190 driver_init.o
 .debug_loc     0x0000021b       0xc3 hal/src/hal_delay.o
 .debug_loc     0x000002de      0x1d7 hpl/core/hpl_core_m4.o
 .debug_loc     0x000004b5       0x4c hpl/core/hpl_init.o
 .debug_loc     0x00000501      0x156 hpl/gclk/hpl_gclk.o
 .debug_loc     0x00000657       0x2c hpl/mclk/hpl_mclk.o
 .debug_loc     0x00000683      0x11b hpl/osc32kctrl/hpl_osc32kctrl.o
 .debug_loc     0x0000079e      0x22f hpl/oscctrl/hpl_oscctrl.o
 .debug_loc     0x000009cd      0x130 hpl/ramecc/hpl_ramecc.o
 .debug_loc     0x00000afd      0x160 hpl/systick/hpl_systick.o
 .debug_loc     0x00000c5d      0x116 main.o

.debug_aranges  0x00000000      0x260
 .debug_aranges
                0x00000000       0x20 atmel_start.o
 .debug_aranges
                0x00000020       0x28 Device_Startup/startup_samd51.o
 .debug_aranges
                0x00000048       0x28 driver_init.o
 .debug_aranges
                0x00000070       0x38 hal/src/hal_delay.o
 .debug_aranges
                0x000000a8       0x70 hpl/core/hpl_core_m4.o
 .debug_aranges
                0x00000118       0x20 hpl/core/hpl_init.o
 .debug_aranges
                0x00000138       0x28 hpl/gclk/hpl_gclk.o
 .debug_aranges
                0x00000160       0x20 hpl/mclk/hpl_mclk.o
 .debug_aranges
                0x00000180       0x20 hpl/osc32kctrl/hpl_osc32kctrl.o
 .debug_aranges
                0x000001a0       0x28 hpl/oscctrl/hpl_oscctrl.o
 .debug_aranges
                0x000001c8       0x30 hpl/ramecc/hpl_ramecc.o
 .debug_aranges
                0x000001f8       0x48 hpl/systick/hpl_systick.o
 .debug_aranges
                0x00000240       0x20 main.o

.debug_ranges   0x00000000      0x1c0
 .debug_ranges  0x00000000       0x10 atmel_start.o
 .debug_ranges  0x00000010       0x18 Device_Startup/startup_samd51.o
 .debug_ranges  0x00000028       0x18 driver_init.o
 .debug_ranges  0x00000040       0x28 hal/src/hal_delay.o
 .debug_ranges  0x00000068       0x60 hpl/core/hpl_core_m4.o
 .debug_ranges  0x000000c8       0x10 hpl/core/hpl_init.o
 .debug_ranges  0x000000d8       0x18 hpl/gclk/hpl_gclk.o
 .debug_ranges  0x000000f0       0x10 hpl/mclk/hpl_mclk.o
 .debug_ranges  0x00000100       0x10 hpl/osc32kctrl/hpl_osc32kctrl.o
 .debug_ranges  0x00000110       0x18 hpl/oscctrl/hpl_oscctrl.o
 .debug_ranges  0x00000128       0x38 hpl/ramecc/hpl_ramecc.o
 .debug_ranges  0x00000160       0x38 hpl/systick/hpl_systick.o
 .debug_ranges  0x00000198       0x28 main.o

.debug_macro    0x00000000    0x26b8a
 .debug_macro   0x00000000      0x6ba atmel_start.o
 .debug_macro   0x000006ba      0x8b0 atmel_start.o
 .debug_macro   0x00000f6a      0x16d atmel_start.o
 .debug_macro   0x000010d7       0x22 atmel_start.o
 .debug_macro   0x000010f9       0x87 atmel_start.o
 .debug_macro   0x00001180       0x51 atmel_start.o
 .debug_macro   0x000011d1       0xef atmel_start.o
 .debug_macro   0x000012c0       0x6a atmel_start.o
 .debug_macro   0x0000132a      0x1df atmel_start.o
 .debug_macro   0x00001509       0x22 atmel_start.o
 .debug_macro   0x0000152b       0x54 atmel_start.o
 .debug_macro   0x0000157f       0x1c atmel_start.o
 .debug_macro   0x0000159b       0x22 atmel_start.o
 .debug_macro   0x000015bd       0xdf atmel_start.o
 .debug_macro   0x0000169c     0x102d atmel_start.o
 .debug_macro   0x000026c9      0x11f atmel_start.o
 .debug_macro   0x000027e8      0x706 atmel_start.o
 .debug_macro   0x00002eee      0xb5b atmel_start.o
 .debug_macro   0x00003a49      0x3c0 atmel_start.o
 .debug_macro   0x00003e09      0x336 atmel_start.o
 .debug_macro   0x0000413f      0x3b7 atmel_start.o
 .debug_macro   0x000044f6      0x668 atmel_start.o
 .debug_macro   0x00004b5e     0x143f atmel_start.o
 .debug_macro   0x00005f9d      0x651 atmel_start.o
 .debug_macro   0x000065ee      0x67b atmel_start.o
 .debug_macro   0x00006c69      0x6d7 atmel_start.o
 .debug_macro   0x00007340      0x172 atmel_start.o
 .debug_macro   0x000074b2      0x395 atmel_start.o
 .debug_macro   0x00007847       0x3a atmel_start.o
 .debug_macro   0x00007881      0x72a atmel_start.o
 .debug_macro   0x00007fab      0xb12 atmel_start.o
 .debug_macro   0x00008abd      0x59f atmel_start.o
 .debug_macro   0x0000905c      0xbc0 atmel_start.o
 .debug_macro   0x00009c1c      0x9b9 atmel_start.o
 .debug_macro   0x0000a5d5      0x2a3 atmel_start.o
 .debug_macro   0x0000a878      0x877 atmel_start.o
 .debug_macro   0x0000b0ef      0x1ea atmel_start.o
 .debug_macro   0x0000b2d9      0x8f4 atmel_start.o
 .debug_macro   0x0000bbcd      0x216 atmel_start.o
 .debug_macro   0x0000bde3      0x3f9 atmel_start.o
 .debug_macro   0x0000c1dc      0x620 atmel_start.o
 .debug_macro   0x0000c7fc      0x10d atmel_start.o
 .debug_macro   0x0000c909       0xb8 atmel_start.o
 .debug_macro   0x0000c9c1     0x1df7 atmel_start.o
 .debug_macro   0x0000e7b8     0x2e69 atmel_start.o
 .debug_macro   0x00011621     0x11ed atmel_start.o
 .debug_macro   0x0001280e      0x50e atmel_start.o
 .debug_macro   0x00012d1c      0x930 atmel_start.o
 .debug_macro   0x0001364c     0x1ad8 atmel_start.o
 .debug_macro   0x00015124       0xe7 atmel_start.o
 .debug_macro   0x0001520b     0x13e6 atmel_start.o
 .debug_macro   0x000165f1      0x36a atmel_start.o
 .debug_macro   0x0001695b       0x94 atmel_start.o
 .debug_macro   0x000169ef       0xdc atmel_start.o
 .debug_macro   0x00016acb       0xe2 atmel_start.o
 .debug_macro   0x00016bad       0xdc atmel_start.o
 .debug_macro   0x00016c89       0x46 atmel_start.o
 .debug_macro   0x00016ccf       0x4c atmel_start.o
 .debug_macro   0x00016d1b       0xc4 atmel_start.o
 .debug_macro   0x00016ddf      0x7d5 atmel_start.o
 .debug_macro   0x000175b4       0xb8 atmel_start.o
 .debug_macro   0x0001766c       0x7c atmel_start.o
 .debug_macro   0x000176e8      0xc19 atmel_start.o
 .debug_macro   0x00018301       0x46 atmel_start.o
 .debug_macro   0x00018347      0x25b atmel_start.o
 .debug_macro   0x000185a2      0x170 atmel_start.o
 .debug_macro   0x00018712       0x7c atmel_start.o
 .debug_macro   0x0001878e       0xbe atmel_start.o
 .debug_macro   0x0001884c       0x4c atmel_start.o
 .debug_macro   0x00018898       0x82 atmel_start.o
 .debug_macro   0x0001891a      0x1a3 atmel_start.o
 .debug_macro   0x00018abd       0x46 atmel_start.o
 .debug_macro   0x00018b03       0x6a atmel_start.o
 .debug_macro   0x00018b6d       0x46 atmel_start.o
 .debug_macro   0x00018bb3       0x88 atmel_start.o
 .debug_macro   0x00018c3b       0x46 atmel_start.o
 .debug_macro   0x00018c81      0x24e atmel_start.o
 .debug_macro   0x00018ecf       0x1c atmel_start.o
 .debug_macro   0x00018eeb       0x76 atmel_start.o
 .debug_macro   0x00018f61       0x3a atmel_start.o
 .debug_macro   0x00018f9b       0x2e atmel_start.o
 .debug_macro   0x00018fc9      0x196 atmel_start.o
 .debug_macro   0x0001915f      0x16f atmel_start.o
 .debug_macro   0x000192ce      0x25d atmel_start.o
 .debug_macro   0x0001952b      0x25d atmel_start.o
 .debug_macro   0x00019788      0x25d atmel_start.o
 .debug_macro   0x000199e5      0x25d atmel_start.o
 .debug_macro   0x00019c42      0x25d atmel_start.o
 .debug_macro   0x00019e9f      0x25d atmel_start.o
 .debug_macro   0x0001a0fc       0x52 atmel_start.o
 .debug_macro   0x0001a14e       0xfa atmel_start.o
 .debug_macro   0x0001a248       0xfa atmel_start.o
 .debug_macro   0x0001a342       0xfa atmel_start.o
 .debug_macro   0x0001a43c       0xfa atmel_start.o
 .debug_macro   0x0001a536       0xfa atmel_start.o
 .debug_macro   0x0001a630       0xfa atmel_start.o
 .debug_macro   0x0001a72a      0x148 atmel_start.o
 .debug_macro   0x0001a872      0x124 atmel_start.o
 .debug_macro   0x0001a996      0x106 atmel_start.o
 .debug_macro   0x0001aa9c       0xee atmel_start.o
 .debug_macro   0x0001ab8a       0xee atmel_start.o
 .debug_macro   0x0001ac78       0x2e atmel_start.o
 .debug_macro   0x0001aca6      0x46a atmel_start.o
 .debug_macro   0x0001b110       0x3a atmel_start.o
 .debug_macro   0x0001b14a      0x513 atmel_start.o
 .debug_macro   0x0001b65d     0x30ab atmel_start.o
 .debug_macro   0x0001e708       0xcf atmel_start.o
 .debug_macro   0x0001e7d7       0x10 atmel_start.o
 .debug_macro   0x0001e7e7       0x10 atmel_start.o
 .debug_macro   0x0001e7f7       0x16 atmel_start.o
 .debug_macro   0x0001e80d       0x16 atmel_start.o
 .debug_macro   0x0001e823       0x16 atmel_start.o
 .debug_macro   0x0001e839       0x16 atmel_start.o
 .debug_macro   0x0001e84f       0x16 atmel_start.o
 .debug_macro   0x0001e865       0x40 atmel_start.o
 .debug_macro   0x0001e8a5       0x16 atmel_start.o
 .debug_macro   0x0001e8bb       0x16 atmel_start.o
 .debug_macro   0x0001e8d1       0x16 atmel_start.o
 .debug_macro   0x0001e8e7       0x16 atmel_start.o
 .debug_macro   0x0001e8fd       0x16 atmel_start.o
 .debug_macro   0x0001e913       0x16 atmel_start.o
 .debug_macro   0x0001e929       0x16 atmel_start.o
 .debug_macro   0x0001e93f       0x16 atmel_start.o
 .debug_macro   0x0001e955       0x16 atmel_start.o
 .debug_macro   0x0001e96b       0x16 atmel_start.o
 .debug_macro   0x0001e981       0x16 atmel_start.o
 .debug_macro   0x0001e997       0x16 atmel_start.o
 .debug_macro   0x0001e9ad       0x16 atmel_start.o
 .debug_macro   0x0001e9c3       0x16 atmel_start.o
 .debug_macro   0x0001e9d9       0x16 atmel_start.o
 .debug_macro   0x0001e9ef       0x16 atmel_start.o
 .debug_macro   0x0001ea05       0x16 atmel_start.o
 .debug_macro   0x0001ea1b       0x16 atmel_start.o
 .debug_macro   0x0001ea31       0x16 atmel_start.o
 .debug_macro   0x0001ea47       0x16 atmel_start.o
 .debug_macro   0x0001ea5d      0xe5c atmel_start.o
 .debug_macro   0x0001f8b9      0x9b6 atmel_start.o
 .debug_macro   0x0002026f       0x94 atmel_start.o
 .debug_macro   0x00020303       0x16 atmel_start.o
 .debug_macro   0x00020319       0xbe atmel_start.o
 .debug_macro   0x000203d7      0x28c atmel_start.o
 .debug_macro   0x00020663       0x16 atmel_start.o
 .debug_macro   0x00020679      0x4d8 atmel_start.o
 .debug_macro   0x00020b51       0x16 atmel_start.o
 .debug_macro   0x00020b67       0xca atmel_start.o
 .debug_macro   0x00020c31       0x1c atmel_start.o
 .debug_macro   0x00020c4d       0x16 atmel_start.o
 .debug_macro   0x00020c63       0xcf atmel_start.o
 .debug_macro   0x00020d32       0x5e atmel_start.o
 .debug_macro   0x00020d90      0x44e Device_Startup/startup_samd51.o
 .debug_macro   0x000211de       0x4e Device_Startup/startup_samd51.o
 .debug_macro   0x0002122c      0x6c2 driver_init.o
 .debug_macro   0x000218ee       0x10 driver_init.o
 .debug_macro   0x000218fe       0xc9 driver_init.o
 .debug_macro   0x000219c7      0x63b hal/src/hal_delay.o
 .debug_macro   0x00022002      0x643 hpl/core/hpl_core_m4.o
 .debug_macro   0x00022645      0x6a7 hpl/core/hpl_init.o
 .debug_macro   0x00022cec       0x2e hpl/core/hpl_init.o
 .debug_macro   0x00022d1a      0xd7b hpl/core/hpl_init.o
 .debug_macro   0x00023a95      0x61d hpl/gclk/hpl_gclk.o
 .debug_macro   0x000240b2      0x2f0 hpl/gclk/hpl_gclk.o
 .debug_macro   0x000243a2      0x618 hpl/mclk/hpl_mclk.o
 .debug_macro   0x000249ba      0x613 hpl/osc32kctrl/hpl_osc32kctrl.o
 .debug_macro   0x00024fcd       0x80 hpl/osc32kctrl/hpl_osc32kctrl.o
 .debug_macro   0x0002504d      0x61d hpl/oscctrl/hpl_oscctrl.o
 .debug_macro   0x0002566a      0x216 hpl/oscctrl/hpl_oscctrl.o
 .debug_macro   0x00025880      0x62e hpl/ramecc/hpl_ramecc.o
 .debug_macro   0x00025eae      0x613 hpl/systick/hpl_systick.o
 .debug_macro   0x000264c1       0x10 hpl/systick/hpl_systick.o
 .debug_macro   0x000264d1      0x6b9 main.o

.debug_line     0x00000000     0x99ca
 .debug_line    0x00000000      0xc4f atmel_start.o
 .debug_line    0x00000c4f      0x855 Device_Startup/startup_samd51.o
 .debug_line    0x000014a4      0xc8b driver_init.o
 .debug_line    0x0000212f      0xbb2 hal/src/hal_delay.o
 .debug_line    0x00002ce1      0xca6 hpl/core/hpl_core_m4.o
 .debug_line    0x00003987      0xc63 hpl/core/hpl_init.o
 .debug_line    0x000045ea      0xbb8 hpl/gclk/hpl_gclk.o
 .debug_line    0x000051a2      0xb76 hpl/mclk/hpl_mclk.o
 .debug_line    0x00005d18      0xb97 hpl/osc32kctrl/hpl_osc32kctrl.o
 .debug_line    0x000068af      0xca7 hpl/oscctrl/hpl_oscctrl.o
 .debug_line    0x00007556      0xc19 hpl/ramecc/hpl_ramecc.o
 .debug_line    0x0000816f      0xbe6 hpl/systick/hpl_systick.o
 .debug_line    0x00008d55      0xc75 main.o

.debug_str      0x00000000    0xe44a3
 .debug_str     0x00000000    0xdd06e atmel_start.o
                              0xdd51e (size before relaxing)
 .debug_str     0x000dd06e      0xbb7 Device_Startup/startup_samd51.o
                              0xc70c6 (size before relaxing)
 .debug_str     0x000ddc25      0x907 driver_init.o
                              0xdde83 (size before relaxing)
 .debug_str     0x000de52c       0xc1 hal/src/hal_delay.o
                              0xdca82 (size before relaxing)
 .debug_str     0x000de5ed      0x80f hpl/core/hpl_core_m4.o
                              0xdd800 (size before relaxing)
 .debug_str     0x000dedfc     0x314e hpl/core/hpl_init.o
                              0xe04b1 (size before relaxing)
 .debug_str     0x000e1f4a      0xce6 hpl/gclk/hpl_gclk.o
                              0xdd752 (size before relaxing)
 .debug_str     0x000e2c30      0x2f8 hpl/mclk/hpl_mclk.o
                              0xdcde6 (size before relaxing)
 .debug_str     0x000e2f28      0x51f hpl/osc32kctrl/hpl_osc32kctrl.o
                              0xdcf38 (size before relaxing)
 .debug_str     0x000e3447      0xcd2 hpl/oscctrl/hpl_oscctrl.o
                              0xde3f1 (size before relaxing)
 .debug_str     0x000e4119      0x25d hpl/ramecc/hpl_ramecc.o
                              0xdd8ab (size before relaxing)
 .debug_str     0x000e4376       0xcd hpl/systick/hpl_systick.o
                              0xdca70 (size before relaxing)
 .debug_str     0x000e4443       0x60 main.o
                              0xdd7ec (size before relaxing)

.debug_frame    0x00000000      0x3c0
 .debug_frame   0x00000000       0x28 atmel_start.o
 .debug_frame   0x00000028       0x38 Device_Startup/startup_samd51.o
 .debug_frame   0x00000060       0x40 driver_init.o
 .debug_frame   0x000000a0       0x68 hal/src/hal_delay.o
 .debug_frame   0x00000108       0xcc hpl/core/hpl_core_m4.o
 .debug_frame   0x000001d4       0x28 hpl/core/hpl_init.o
 .debug_frame   0x000001fc       0x30 hpl/gclk/hpl_gclk.o
 .debug_frame   0x0000022c       0x20 hpl/mclk/hpl_mclk.o
 .debug_frame   0x0000024c       0x20 hpl/osc32kctrl/hpl_osc32kctrl.o
 .debug_frame   0x0000026c       0x30 hpl/oscctrl/hpl_oscctrl.o
 .debug_frame   0x0000029c       0x4c hpl/ramecc/hpl_ramecc.o
 .debug_frame   0x000002e8       0x7c hpl/systick/hpl_systick.o
 .debug_frame   0x00000364       0x30 main.o
 .debug_frame   0x00000394       0x2c c:/program files (x86)/atmel/studio/7.0/toolchain/arm/arm-gnu-toolchain/bin/../lib/gcc/arm-none-eabi/6.3.1/../../../../arm-none-eabi/lib/thumb/v7e-m\libc_nano.a(lib_a-init.o)
